2024-12-16 15:18:50,496 - ERROR - Error 202: Failed to fetch endpoints. Please verify your configuration.
2024-12-16 15:46:52,818 - ERROR - Failed to discover endpoints
Traceback (most recent call last):
  File "/Users/alper/workdir/docker_work/Foundry/viafoundry-sdk/viafoundry/bin/foundry.py", line 52, in discover
    click.echo(json.dumps(endpoints, indent=4))
               ^^^^^^^^^^
AttributeError: 'bool' object has no attribute 'dumps'
2024-12-16 15:47:07,679 - ERROR - Failed to discover endpoints
Traceback (most recent call last):
  File "/Users/alper/workdir/docker_work/Foundry/viafoundry-sdk/viafoundry/bin/foundry.py", line 52, in discover
    click.echo(json.dumps(endpoints, indent=4))
               ^^^^^^^^^^
AttributeError: 'bool' object has no attribute 'dumps'
2024-12-16 15:47:20,317 - ERROR - Failed to discover endpoints
Traceback (most recent call last):
  File "/Users/alper/workdir/docker_work/Foundry/viafoundry-sdk/viafoundry/bin/foundry.py", line 52, in discover
    click.echo(json.dumps(endpoints, indent=4))
               ^^^^^^^^^^
AttributeError: 'bool' object has no attribute 'dumps'
2024-12-16 15:50:55,938 - ERROR - Failed to configure authentication
Traceback (most recent call last):
  File "/Users/alper/workdir/docker_work/Foundry/viafoundry-sdk/viafoundry/bin/foundry.py", line 36, in configure
    auth.configure(hostname, username, password, identity_type, redirect_uri)
  File "/Users/alper/workdir/docker_work/Foundry/viafoundry-sdk/viafoundry/auth.py", line 38, in configure
    self.token = self.login(username, password, identity_type, redirect_uri)
                 ^^^^^^^^^^^^^^^^^^^^^^^^^^^^^^^^^^^^^^^^^^^^^^^^^^^^^^^^^^^
  File "/Users/alper/workdir/docker_work/Foundry/viafoundry-sdk/viafoundry/auth.py", line 56, in login
    response.raise_for_status()
  File "/Library/Frameworks/Python.framework/Versions/3.11/lib/python3.11/site-packages/requests/models.py", line 1021, in raise_for_status
    raise HTTPError(http_error_msg, response=self)
requests.exceptions.HTTPError: 404 Client Error: Not Found for url: http://local.dolphinnext.com:8080/api/auth/v1/login
2024-12-16 15:51:00,564 - ERROR - Failed to configure authentication
Traceback (most recent call last):
  File "/Library/Frameworks/Python.framework/Versions/3.11/lib/python3.11/site-packages/urllib3/connection.py", line 203, in _new_conn
    sock = connection.create_connection(
           ^^^^^^^^^^^^^^^^^^^^^^^^^^^^^
  File "/Library/Frameworks/Python.framework/Versions/3.11/lib/python3.11/site-packages/urllib3/util/connection.py", line 85, in create_connection
    raise err
  File "/Library/Frameworks/Python.framework/Versions/3.11/lib/python3.11/site-packages/urllib3/util/connection.py", line 73, in create_connection
    sock.connect(sa)
ConnectionRefusedError: [Errno 61] Connection refused

The above exception was the direct cause of the following exception:

Traceback (most recent call last):
  File "/Library/Frameworks/Python.framework/Versions/3.11/lib/python3.11/site-packages/urllib3/connectionpool.py", line 790, in urlopen
    response = self._make_request(
               ^^^^^^^^^^^^^^^^^^^
  File "/Library/Frameworks/Python.framework/Versions/3.11/lib/python3.11/site-packages/urllib3/connectionpool.py", line 496, in _make_request
    conn.request(
  File "/Library/Frameworks/Python.framework/Versions/3.11/lib/python3.11/site-packages/urllib3/connection.py", line 395, in request
    self.endheaders()
  File "/Library/Frameworks/Python.framework/Versions/3.11/lib/python3.11/http/client.py", line 1278, in endheaders
    self._send_output(message_body, encode_chunked=encode_chunked)
  File "/Library/Frameworks/Python.framework/Versions/3.11/lib/python3.11/http/client.py", line 1038, in _send_output
    self.send(msg)
  File "/Library/Frameworks/Python.framework/Versions/3.11/lib/python3.11/http/client.py", line 976, in send
    self.connect()
  File "/Library/Frameworks/Python.framework/Versions/3.11/lib/python3.11/site-packages/urllib3/connection.py", line 243, in connect
    self.sock = self._new_conn()
                ^^^^^^^^^^^^^^^^
  File "/Library/Frameworks/Python.framework/Versions/3.11/lib/python3.11/site-packages/urllib3/connection.py", line 218, in _new_conn
    raise NewConnectionError(
urllib3.exceptions.NewConnectionError: <urllib3.connection.HTTPConnection object at 0x10458d590>: Failed to establish a new connection: [Errno 61] Connection refused

The above exception was the direct cause of the following exception:

Traceback (most recent call last):
  File "/Library/Frameworks/Python.framework/Versions/3.11/lib/python3.11/site-packages/requests/adapters.py", line 486, in send
    resp = conn.urlopen(
           ^^^^^^^^^^^^^
  File "/Library/Frameworks/Python.framework/Versions/3.11/lib/python3.11/site-packages/urllib3/connectionpool.py", line 844, in urlopen
    retries = retries.increment(
              ^^^^^^^^^^^^^^^^^^
  File "/Library/Frameworks/Python.framework/Versions/3.11/lib/python3.11/site-packages/urllib3/util/retry.py", line 515, in increment
    raise MaxRetryError(_pool, url, reason) from reason  # type: ignore[arg-type]
    ^^^^^^^^^^^^^^^^^^^^^^^^^^^^^^^^^^^^^^^^^^^^^^^^^^^
urllib3.exceptions.MaxRetryError: HTTPConnectionPool(host='local.dolphinnext.com', port=8082): Max retries exceeded with url: /api/auth/v1/login (Caused by NewConnectionError('<urllib3.connection.HTTPConnection object at 0x10458d590>: Failed to establish a new connection: [Errno 61] Connection refused'))

During handling of the above exception, another exception occurred:

Traceback (most recent call last):
  File "/Users/alper/workdir/docker_work/Foundry/viafoundry-sdk/viafoundry/bin/foundry.py", line 36, in configure
    auth.configure(hostname, username, password, identity_type, redirect_uri)
  File "/Users/alper/workdir/docker_work/Foundry/viafoundry-sdk/viafoundry/auth.py", line 38, in configure
    self.token = self.login(username, password, identity_type, redirect_uri)
                 ^^^^^^^^^^^^^^^^^^^^^^^^^^^^^^^^^^^^^^^^^^^^^^^^^^^^^^^^^^^
  File "/Users/alper/workdir/docker_work/Foundry/viafoundry-sdk/viafoundry/auth.py", line 55, in login
    response = requests.post(url, json=payload)
               ^^^^^^^^^^^^^^^^^^^^^^^^^^^^^^^^
  File "/Library/Frameworks/Python.framework/Versions/3.11/lib/python3.11/site-packages/requests/api.py", line 115, in post
    return request("post", url, data=data, json=json, **kwargs)
           ^^^^^^^^^^^^^^^^^^^^^^^^^^^^^^^^^^^^^^^^^^^^^^^^^^^^
  File "/Library/Frameworks/Python.framework/Versions/3.11/lib/python3.11/site-packages/requests/api.py", line 59, in request
    return session.request(method=method, url=url, **kwargs)
           ^^^^^^^^^^^^^^^^^^^^^^^^^^^^^^^^^^^^^^^^^^^^^^^^^
  File "/Library/Frameworks/Python.framework/Versions/3.11/lib/python3.11/site-packages/requests/sessions.py", line 589, in request
    resp = self.send(prep, **send_kwargs)
           ^^^^^^^^^^^^^^^^^^^^^^^^^^^^^^
  File "/Library/Frameworks/Python.framework/Versions/3.11/lib/python3.11/site-packages/requests/sessions.py", line 703, in send
    r = adapter.send(request, **kwargs)
        ^^^^^^^^^^^^^^^^^^^^^^^^^^^^^^^
  File "/Library/Frameworks/Python.framework/Versions/3.11/lib/python3.11/site-packages/requests/adapters.py", line 519, in send
    raise ConnectionError(e, request=request)
requests.exceptions.ConnectionError: HTTPConnectionPool(host='local.dolphinnext.com', port=8082): Max retries exceeded with url: /api/auth/v1/login (Caused by NewConnectionError('<urllib3.connection.HTTPConnection object at 0x10458d590>: Failed to establish a new connection: [Errno 61] Connection refused'))
2024-12-16 15:51:06,334 - ERROR - Failed to configure authentication
Traceback (most recent call last):
  File "/Users/alper/workdir/docker_work/Foundry/viafoundry-sdk/viafoundry/bin/foundry.py", line 36, in configure
    auth.configure(hostname, username, password, identity_type, redirect_uri)
  File "/Users/alper/workdir/docker_work/Foundry/viafoundry-sdk/viafoundry/auth.py", line 38, in configure
    self.token = self.login(username, password, identity_type, redirect_uri)
                 ^^^^^^^^^^^^^^^^^^^^^^^^^^^^^^^^^^^^^^^^^^^^^^^^^^^^^^^^^^^
  File "/Users/alper/workdir/docker_work/Foundry/viafoundry-sdk/viafoundry/auth.py", line 56, in login
    response.raise_for_status()
  File "/Library/Frameworks/Python.framework/Versions/3.11/lib/python3.11/site-packages/requests/models.py", line 1021, in raise_for_status
    raise HTTPError(http_error_msg, response=self)
requests.exceptions.HTTPError: 401 Client Error: Unauthorized for url: http://local.dolphinnext.com:8081/api/auth/v1/login
2024-12-16 15:51:15,636 - ERROR - Failed to configure authentication
Traceback (most recent call last):
  File "/Users/alper/workdir/docker_work/Foundry/viafoundry-sdk/viafoundry/bin/foundry.py", line 36, in configure
    auth.configure(hostname, username, password, identity_type, redirect_uri)
  File "/Users/alper/workdir/docker_work/Foundry/viafoundry-sdk/viafoundry/auth.py", line 38, in configure
    self.token = self.login(username, password, identity_type, redirect_uri)
                 ^^^^^^^^^^^^^^^^^^^^^^^^^^^^^^^^^^^^^^^^^^^^^^^^^^^^^^^^^^^
  File "/Users/alper/workdir/docker_work/Foundry/viafoundry-sdk/viafoundry/auth.py", line 56, in login
    response.raise_for_status()
  File "/Library/Frameworks/Python.framework/Versions/3.11/lib/python3.11/site-packages/requests/models.py", line 1021, in raise_for_status
    raise HTTPError(http_error_msg, response=self)
requests.exceptions.HTTPError: 401 Client Error: Unauthorized for url: http://local.dolphinnext.com:8081/api/auth/v1/login
2024-12-16 15:51:54,999 - ERROR - Error 201: Hostname is not configured. Please run the configuration setup.
2024-12-16 15:51:54,999 - ERROR - Failed to discover endpoints
Traceback (most recent call last):
  File "/Users/alper/workdir/docker_work/Foundry/viafoundry-sdk/viafoundry/bin/foundry.py", line 49, in discover
    endpoints = client.discover()  # Assume `discover()` returns a dictionary: {endpoint: description}.
                ^^^^^^^^^^^^^^^^^
  File "/Users/alper/workdir/docker_work/Foundry/viafoundry-sdk/viafoundry/client.py", line 36, in discover
    self._raise_error(201, "Hostname is not configured. Please run the configuration setup.")
  File "/Users/alper/workdir/docker_work/Foundry/viafoundry-sdk/viafoundry/client.py", line 106, in _raise_error
    raise RuntimeError(f"Error {code}: {message}")
RuntimeError: Error 201: Hostname is not configured. Please run the configuration setup.
2024-12-16 15:55:01,535 - ERROR - Error 305: Not Found: The requested resource does not exist.
2024-12-16 15:55:01,536 - ERROR - Failed to call API endpoint
Traceback (most recent call last):
  File "/Users/alper/workdir/docker_work/Foundry/viafoundry-sdk/viafoundry/client.py", line 68, in call
    response.raise_for_status()
  File "/Library/Frameworks/Python.framework/Versions/3.11/lib/python3.11/site-packages/requests/models.py", line 1021, in raise_for_status
    raise HTTPError(http_error_msg, response=self)
requests.exceptions.HTTPError: 404 Client Error: Not Found for url: http://local.dolphinnext.com:8081/api/v1/process1

During handling of the above exception, another exception occurred:

Traceback (most recent call last):
  File "/Users/alper/workdir/docker_work/Foundry/viafoundry-sdk/viafoundry/bin/foundry.py", line 75, in call
    response = client.call(method, endpoint, params=params, data=data)
               ^^^^^^^^^^^^^^^^^^^^^^^^^^^^^^^^^^^^^^^^^^^^^^^^^^^^^^^
  File "/Users/alper/workdir/docker_work/Foundry/viafoundry-sdk/viafoundry/client.py", line 79, in call
    self._handle_http_error(response)
  File "/Users/alper/workdir/docker_work/Foundry/viafoundry-sdk/viafoundry/client.py", line 97, in _handle_http_error
    self._raise_error(305, "Not Found: The requested resource does not exist.")
  File "/Users/alper/workdir/docker_work/Foundry/viafoundry-sdk/viafoundry/client.py", line 106, in _raise_error
    raise RuntimeError(f"Error {code}: {message}")
RuntimeError: Error 305: Not Found: The requested resource does not exist.
